
[1m[44m DEV [49m[22m [34mv4.0.10 [39m[90mC:/Users/support/Desktop/Dev-Projects/health-management[39m

stderr | src/components/ui/avatar.test.tsx > Avatar > should apply custom class names to AvatarImage
An empty string ("") was passed to the src attribute. This may cause the browser to download the whole page again over the network. To fix this, either do not render the element at all or pass null to src instead of an empty string.

 [32mΓ£ô[39m src/components/ui/avatar.test.tsx [2m([22m[2m6 tests[22m[2m)[22m[32m 64[2mms[22m[39m
 [32mΓ£ô[39m server/src/tests/financialModule.test.ts [2m([22m[2m6 tests[22m[2m | [22m[33m2 skipped[39m[2m)[22m[32m 124[2mms[22m[39m
stderr | src/tests/auth.test.tsx > Authentication Integration Tests > should successfully log in and redirect to dashboard
The current testing environment is not configured to support act(...)

stderr | src/tests/auth.test.tsx > Authentication Integration Tests > should successfully log in and redirect to dashboard
The current testing environment is not configured to support act(...)
The current testing environment is not configured to support act(...)

 [32mΓ£ô[39m src/components/ui/button.test.tsx [2m([22m[2m9 tests[22m[2m)[22m[32m 73[2mms[22m[39m
 [32mΓ£ô[39m server/src/tests/storageUsage.test.ts [2m([22m[2m1 test[22m[2m)[22m[33m 993[2mms[22m[39m
     [33m[2mΓ£ô[22m[39m returns usage metrics [33m 991[2mms[22m[39m
 [32mΓ£ô[39m src/components/ui/card.test.tsx [2m([22m[2m6 tests[22m[2m)[22m[32m 47[2mms[22m[39m
 [32mΓ£ô[39m server/src/tests/middleware/requirePermission.test.ts [2m([22m[2m3 tests[22m[2m)[22m[32m 6[2mms[22m[39m
stderr | src/tests/auth.test.tsx > Authentication Integration Tests > should fail to log in with invalid credentials
Login failed: Error: Invalid credentials
    at C:/Users/support/Desktop/Dev-Projects/health-management/src/tests/auth.test.tsx:107:37
    at file:///C:/Users/support/Desktop/Dev-Projects/health-management/node_modules/@vitest/runner/dist/index.js:157:11
    at file:///C:/Users/support/Desktop/Dev-Projects/health-management/node_modules/@vitest/runner/dist/index.js:753:26
    at file:///C:/Users/support/Desktop/Dev-Projects/health-management/node_modules/@vitest/runner/dist/index.js:1636:20
    at new Promise (<anonymous>)
    at runWithTimeout (file:///C:/Users/support/Desktop/Dev-Projects/health-management/node_modules/@vitest/runner/dist/index.js:1602:10)
    at runTest (file:///C:/Users/support/Desktop/Dev-Projects/health-management/node_modules/@vitest/runner/dist/index.js:1309:12)
    at runSuite (file:///C:/Users/support/Desktop/Dev-Projects/health-management/node_modules/@vitest/runner/dist/index.js:1468:8)
    at runSuite (file:///C:/Users/support/Desktop/Dev-Projects/health-management/node_modules/@vitest/runner/dist/index.js:1468:8)
    at runFiles (file:///C:/Users/support/Desktop/Dev-Projects/health-management/node_modules/@vitest/runner/dist/index.js:1526:3)

stderr | src/tests/auth.test.tsx > Authentication Integration Tests > should fail to log in with invalid credentials
The current testing environment is not configured to support act(...)

stderr | src/tests/auth.test.tsx > Authentication Integration Tests > should log out and redirect to login page
You should call navigate() in a React.useEffect(), not when your component is first rendered.

stderr | src/tests/auth.test.tsx > Authentication Integration Tests > should log out and redirect to login page
Cannot update a component (`MemoryRouter`) while rendering a different component (`TestApp`). To locate the bad setState() call inside `TestApp`, follow the stack trace as described in https://react.dev/link/setstate-in-render

 [32mΓ£ô[39m src/tests/auth.test.tsx [2m([22m[2m3 tests[22m[2m)[22m[33m 1411[2mms[22m[39m
     [33m[2mΓ£ô[22m[39m should successfully log in and redirect to dashboard [33m 726[2mms[22m[39m
     [33m[2mΓ£ô[22m[39m should fail to log in with invalid credentials [33m 557[2mms[22m[39m
 [32mΓ£ô[39m server/src/tests/purchaseOrderTransitions.test.ts [2m([22m[2m2 tests[22m[2m)[22m[32m 6[2mms[22m[39m
 [32mΓ£ô[39m server/src/tests/auth.test.ts [2m([22m[2m4 tests[22m[2m)[22m[32m 7[2mms[22m[39m
 [32mΓ£ô[39m server/src/tests/drugInteractions.unit.test.ts [2m([22m[2m3 tests[22m[2m)[22m[32m 6[2mms[22m[39m
 [32mΓ£ô[39m server/src/tests/pharmacyReportsExport.integration.test.ts [2m([22m[2m2 tests[22m[2m)[22m[32m 8[2mms[22m[39m
[90mstdout[2m | src/tests/pages/AppointmentsPage.test.tsx[2m > [22m[2mAppointmentsPage hospital-aware gating[2m > [22m[2mrenders header when authorized
[22m[39mAudit Log: {
  userId: [32m'u1'[39m,
  userName: [32m'User'[39m,
  action: [32m'view'[39m,
  module: [32m'appointments'[39m,
  timestamp: [35m2025-11-22T00:39:33.949Z[39m,
  recordId: [32m'all'[39m
}

[90mstdout[2m | src/tests/pages/AppointmentsPage.test.tsx[2m > [22m[2mAppointmentsPage hospital-aware gating[2m > [22m[2mrenders header when authorized
[22m[39mAudit Log: {
  userId: [32m'u1'[39m,
  userName: [32m'User'[39m,
  action: [32m'view'[39m,
  module: [32m'appointments'[39m,
  timestamp: [35m2025-11-22T00:39:34.036Z[39m,
  recordId: [32m'all'[39m
}
Audit Log: {
  userId: [32m'u1'[39m,
  userName: [32m'User'[39m,
  action: [32m'view'[39m,
  module: [32m'appointments'[39m,
  timestamp: [35m2025-11-22T00:39:34.037Z[39m,
  recordId: [32m'all'[39m
}

 [32mΓ£ô[39m src/tests/pages/AppointmentsPage.test.tsx [2m([22m[2m1 test[22m[2m)[22m[32m 249[2mms[22m[39m
 [32mΓ£ô[39m server/src/tests/passwordEnforcement.test.ts [2m([22m[2m3 tests[22m[2m)[22m[32m 5[2mms[22m[39m
 [32mΓ£ô[39m server/src/tests/patientLoadPrediction.service.test.ts [2m([22m[2m1 test[22m[2m)[22m[32m 3[2mms[22m[39m
 [32mΓ£ô[39m server/src/tests/batchRecall.test.ts [2m([22m[2m1 test[22m[2m)[22m[32m 3[2mms[22m[39m
 [32mΓ£ô[39m server/src/tests/dashboardForecast.test.ts [2m([22m[2m1 test[22m[2m)[22m[32m 2[2mms[22m[39m

ΓÄ»ΓÄ»ΓÄ»ΓÄ»ΓÄ»ΓÄ» Failed Suites 1 ΓÄ»ΓÄ»ΓÄ»ΓÄ»ΓÄ»ΓÄ»ΓÄ»


 FAIL  server/src/tests/superAdmin.test.ts [ server/src/tests/superAdmin.test.ts ]
Error: [vitest] No "default" export is defined on the "child_process" mock. Did you forget to return it from "vi.mock"?
If you need to partially mock a module, you can use "importOriginal" helper inside:

vi.mock(import("child_process"), async (importOriginal) => {
  const actual = await importOriginal()
  return {
    ...actual,
    // your mocked methods
  }
})

 Γ¥» server/src/controllers/superAdmin.controller.ts:4:22
      2| 
      3| import { Request, Response } from 'express';
      4| import { exec } from 'child_process';
       |                      ^
      5| 
      6| import fs from 'fs/promises';
 Γ¥» server/src/tests/superAdmin.test.ts:4:1

ΓÄ»ΓÄ»ΓÄ»ΓÄ»ΓÄ»ΓÄ»ΓÄ»ΓÄ»ΓÄ»ΓÄ»ΓÄ»ΓÄ»ΓÄ»ΓÄ»ΓÄ»ΓÄ»ΓÄ»ΓÄ»ΓÄ»ΓÄ»ΓÄ»ΓÄ»ΓÄ»ΓÄ»[1/1]ΓÄ»

[2m Test Files [22m [1m[31m1 failed[39m[22m[2m | [22m[1m[32m16 passed[39m[22m[90m (17)[39m
[2m      Tests [22m [1m[32m50 passed[39m[22m[2m | [22m[33m2 skipped[39m[90m (52)[39m
[2m   Start at [22m 01:39:30
[2m   Duration [22m 4.46s[2m (transform 1.60s, setup 2.34s, collect 5.57s, tests 3.01s, environment 9.22s, prepare 323ms)[22m

[1m[41m FAIL [49m[22m [31mTests failed. Watching for file changes...[39m
       [2mpress [22m[1mh[22m[2m to show help[22m[2m, [22m[2mpress [22m[1mq[22m[2m to quit[22m
c[3J[1m[44m RERUN [49m[22m [34m[2mserver/src/controllers/superAdmin.controller.ts [22m[34mx1 [34m[39m


ΓÄ»ΓÄ»ΓÄ»ΓÄ»ΓÄ»ΓÄ» Failed Suites 1 ΓÄ»ΓÄ»ΓÄ»ΓÄ»ΓÄ»ΓÄ»ΓÄ»

 FAIL  server/src/tests/superAdmin.test.ts [ server/src/tests/superAdmin.test.ts ]
Error: [vitest] No "default" export is defined on the "child_process" mock. Did you forget to return it from "vi.mock"?
If you need to partially mock a module, you can use "importOriginal" helper inside:

vi.mock(import("child_process"), async (importOriginal) => {
  const actual = await importOriginal()
  return {
    ...actual,
    // your mocked methods
  }
})

 Γ¥» server/src/controllers/superAdmin.controller.ts:5:18
      3| import { Request, Response } from 'express';
      4| import child_process from 'child_process';
      5| const { exec } = child_process;
       |                  ^
      6| 
      7| import fs from 'fs/promises';
 Γ¥» server/src/tests/superAdmin.test.ts:4:1

ΓÄ»ΓÄ»ΓÄ»ΓÄ»ΓÄ»ΓÄ»ΓÄ»ΓÄ»ΓÄ»ΓÄ»ΓÄ»ΓÄ»ΓÄ»ΓÄ»ΓÄ»ΓÄ»ΓÄ»ΓÄ»ΓÄ»ΓÄ»ΓÄ»ΓÄ»ΓÄ»ΓÄ»[1/1]ΓÄ»


[2m Test Files [22m [1m[31m1 failed[39m[22m[90m (1)[39m
[2m      Tests [22m [2mno tests[22m
[2m   Start at [22m 01:44:09
[2m   Duration [22m 95ms

[1m[41m FAIL [49m[22m [31mTests failed. Watching for file changes...[39m
       [2mpress [22m[1mh[22m[2m to show help[22m[2m, [22m[2mpress [22m[1mq[22m[2m to quit[22m
c[3J[1m[44m RERUN [49m[22m [34m[2mserver/src/tests/superAdmin.test.ts [22m[34mx2 [34m[39m

node:internal/modules/cjs/loader:1424
  throw err;
  ^

Error: Cannot find module 'C:/Users/support/Desktop/Dev-Projects/health-management/node_modules/vitest/suppress-warnings.cjs'
Require stack:
- internal/preload
    at Module._resolveFilename (node:internal/modules/cjs/loader:1421:15)
    at defaultResolveImpl (node:internal/modules/cjs/loader:1059:19)
    at resolveForCJSWithHooks (node:internal/modules/cjs/loader:1064:22)
    at Module._load (node:internal/modules/cjs/loader:1227:37)
    at TracingChannel.traceSync (node:diagnostics_channel:328:14)
    at wrapModuleLoad (node:internal/modules/cjs/loader:245:24)
    at Module.require (node:internal/modules/cjs/loader:1504:12)
    at node:internal/modules/cjs/loader:2046:12
    at loadPreloadModules (node:internal/process/pre_execution:697:5)
    at initializeModuleLoaders (node:internal/process/pre_execution:238:5) {
  code: 'MODULE_NOT_FOUND',
  requireStack: [ 'internal/preload' ]
}

Node.js v24.11.1

ΓÄ»ΓÄ»ΓÄ»ΓÄ»ΓÄ»ΓÄ» Failed Suites 1 ΓÄ»ΓÄ»ΓÄ»ΓÄ»ΓÄ»ΓÄ»ΓÄ»

 FAIL  server/src/tests/superAdmin.test.ts [ server/src/tests/superAdmin.test.ts ]
Error: [vitest] No "default" export is defined on the "child_process" mock. Did you forget to return it from "vi.mock"?
If you need to partially mock a module, you can use "importOriginal" helper inside:

vi.mock(import("child_process"), async (importOriginal) => {
  const actual = await importOriginal()
  return {
    ...actual,
    // your mocked methods
  }
})

 Γ¥» server/src/controllers/superAdmin.controller.ts:5:18
      3| import { Request, Response } from 'express';
      4| import child_process from 'child_process';
      5| const { exec } = child_process;
       |                  ^
      6| 
      7| import fs from 'fs/promises';
 Γ¥» server/src/tests/superAdmin.test.ts:4:1

ΓÄ»ΓÄ»ΓÄ»ΓÄ»ΓÄ»ΓÄ»ΓÄ»ΓÄ»ΓÄ»ΓÄ»ΓÄ»ΓÄ»ΓÄ»ΓÄ»ΓÄ»ΓÄ»ΓÄ»ΓÄ»ΓÄ»ΓÄ»ΓÄ»ΓÄ»ΓÄ»ΓÄ»[1/1]ΓÄ»

ΓÄ»ΓÄ»ΓÄ»ΓÄ»ΓÄ»ΓÄ» Unhandled Errors ΓÄ»ΓÄ»ΓÄ»ΓÄ»ΓÄ»ΓÄ»

Vitest caught 1 unhandled error during the test run.
This might cause false positive tests. Resolve unhandled errors to make sure your tests are not affected.

ΓÄ»ΓÄ»ΓÄ»ΓÄ»ΓÄ»ΓÄ» Unhandled Error ΓÄ»ΓÄ»ΓÄ»ΓÄ»ΓÄ»ΓÄ»ΓÄ»
Error: [vitest-pool]: Worker forks emitted error.
 Γ¥» EventEmitter.<anonymous> node_modules/vitest/dist/chunks/cli-api.RnIE1JbW.js:7227:22
 Γ¥» EventEmitter.emit node:events:508:28
 Γ¥» ChildProcess.emitUnexpectedExit node_modules/vitest/dist/chunks/cli-api.RnIE1JbW.js:6803:22
 Γ¥» ChildProcess.emit node:events:508:28
 Γ¥» Process.ChildProcess._handle.onexit node:internal/child_process:294:12

Caused by: Error: Worker exited unexpectedly
 Γ¥» ChildProcess.emitUnexpectedExit node_modules/vitest/dist/chunks/cli-api.RnIE1JbW.js:6802:33
 Γ¥» ChildProcess.emit node:events:508:28
 Γ¥» Process.ChildProcess._handle.onexit node:internal/child_process:294:12

ΓÄ»ΓÄ»ΓÄ»ΓÄ»ΓÄ»ΓÄ»ΓÄ»ΓÄ»ΓÄ»ΓÄ»ΓÄ»ΓÄ»ΓÄ»ΓÄ»ΓÄ»ΓÄ»ΓÄ»ΓÄ»ΓÄ»ΓÄ»ΓÄ»ΓÄ»ΓÄ»ΓÄ»ΓÄ»ΓÄ»ΓÄ»ΓÄ»ΓÄ»ΓÄ»


[2m Test Files [22m [1m[31m1 failed[39m[22m[90m (1)[39m
[2m      Tests [22m [2mno tests[22m
[2m     Errors [22m [1m[31m1 error[39m[22m
[2m   Start at [22m 01:54:47
[2m   Duration [22m 95ms

[1m[41m FAIL [49m[22m [31mTests failed. Watching for file changes...[39m
       [2mpress [22m[1mh[22m[2m to show help[22m[2m, [22m[2mpress [22m[1mq[22m[2m to quit[22m
c[3J[1m[44m RERUN [49m[22m [34m[2mserver/src/services/patientLoadPrediction.service.ts [22m[34mx1 [34m[39m

 [31mΓ¥»[39m server/src/tests/superAdmin.test.ts [2m([22m[2m0 test[22m[2m)[22m
node:internal/modules/cjs/loader:1424
  throw err;
  ^

Error: Cannot find module 'C:/Users/support/Desktop/Dev-Projects/health-management/node_modules/vitest/suppress-warnings.cjs'
Require stack:
- internal/preload
    at Module._resolveFilename (node:internal/modules/cjs/loader:1421:15)
    at defaultResolveImpl (node:internal/modules/cjs/loader:1059:19)
    at resolveForCJSWithHooks (node:internal/modules/cjs/loader:1064:22)
    at Module._load (node:internal/modules/cjs/loader:1227:37)
    at TracingChannel.traceSync (node:diagnostics_channel:328:14)
    at wrapModuleLoad (node:internal/modules/cjs/loader:245:24)
    at Module.require (node:internal/modules/cjs/loader:1504:12)
    at node:internal/modules/cjs/loader:2046:12
    at loadPreloadModules (node:internal/process/pre_execution:697:5)
    at initializeModuleLoaders (node:internal/process/pre_execution:238:5) {
  code: 'MODULE_NOT_FOUND',
  requireStack: [ 'internal/preload' ]
}

Node.js v24.11.1
ΓÄ»ΓÄ»ΓÄ»ΓÄ»ΓÄ»ΓÄ» Unhandled Errors ΓÄ»ΓÄ»ΓÄ»ΓÄ»ΓÄ»ΓÄ»

Vitest caught 1 unhandled error during the test run.
This might cause false positive tests. Resolve unhandled errors to make sure your tests are not affected.

ΓÄ»ΓÄ»ΓÄ»ΓÄ»ΓÄ»ΓÄ» Unhandled Error ΓÄ»ΓÄ»ΓÄ»ΓÄ»ΓÄ»ΓÄ»ΓÄ»
Error: [vitest-pool]: Worker forks emitted error.
 Γ¥» EventEmitter.<anonymous> node_modules/vitest/dist/chunks/cli-api.RnIE1JbW.js:7227:22
 Γ¥» EventEmitter.emit node:events:508:28
 Γ¥» ChildProcess.emitUnexpectedExit node_modules/vitest/dist/chunks/cli-api.RnIE1JbW.js:6803:22
 Γ¥» ChildProcess.emit node:events:508:28
 Γ¥» Process.ChildProcess._handle.onexit node:internal/child_process:294:12

Caused by: Error: Worker exited unexpectedly
 Γ¥» ChildProcess.emitUnexpectedExit node_modules/vitest/dist/chunks/cli-api.RnIE1JbW.js:6802:33
 Γ¥» ChildProcess.emit node:events:508:28
 Γ¥» Process.ChildProcess._handle.onexit node:internal/child_process:294:12

ΓÄ»ΓÄ»ΓÄ»ΓÄ»ΓÄ»ΓÄ»ΓÄ»ΓÄ»ΓÄ»ΓÄ»ΓÄ»ΓÄ»ΓÄ»ΓÄ»ΓÄ»ΓÄ»ΓÄ»ΓÄ»ΓÄ»ΓÄ»ΓÄ»ΓÄ»ΓÄ»ΓÄ»ΓÄ»ΓÄ»ΓÄ»ΓÄ»ΓÄ»ΓÄ»


[2m Test Files [22m [1m[31m1 failed[39m[22m[2m | [22m[1m[32m1 passed[39m[22m[90m (2)[39m
[2m      Tests [22m [1m[32m1 passed[39m[22m[90m (1)[39m
[2m     Errors [22m [1m[31m1 error[39m[22m
[2m   Start at [22m 01:56:33
[2m   Duration [22m 127ms

[1m[41m FAIL [49m[22m [31mTests failed. Watching for file changes...[39m
       [2mpress [22m[1mh[22m[2m to show help[22m[2m, [22m[2mpress [22m[1mq[22m[2m to quit[22m
c[3J[1m[44m RERUN [49m[22m [34m[2mserver/src/services/ghanaHealthService.service.ts [22m[34mx1 [34m[39m

 [31mΓ¥»[39m server/src/tests/superAdmin.test.ts [2m([22m[2m0 test[22m[2m)[22m
node:internal/modules/cjs/loader:1424
  throw err;
  ^

Error: Cannot find module 'C:/Users/support/Desktop/Dev-Projects/health-management/node_modules/vitest/suppress-warnings.cjs'
Require stack:
- internal/preload
    at Module._resolveFilename (node:internal/modules/cjs/loader:1421:15)
    at defaultResolveImpl (node:internal/modules/cjs/loader:1059:19)
    at resolveForCJSWithHooks (node:internal/modules/cjs/loader:1064:22)
    at Module._load (node:internal/modules/cjs/loader:1227:37)
    at TracingChannel.traceSync (node:diagnostics_channel:328:14)
    at wrapModuleLoad (node:internal/modules/cjs/loader:245:24)
    at Module.require (node:internal/modules/cjs/loader:1504:12)
    at node:internal/modules/cjs/loader:2046:12
    at loadPreloadModules (node:internal/process/pre_execution:697:5)
    at initializeModuleLoaders (node:internal/process/pre_execution:238:5) {
  code: 'MODULE_NOT_FOUND',
  requireStack: [ 'internal/preload' ]
}

Node.js v24.11.1
ΓÄ»ΓÄ»ΓÄ»ΓÄ»ΓÄ»ΓÄ» Unhandled Errors ΓÄ»ΓÄ»ΓÄ»ΓÄ»ΓÄ»ΓÄ»

Vitest caught 1 unhandled error during the test run.
This might cause false positive tests. Resolve unhandled errors to make sure your tests are not affected.

ΓÄ»ΓÄ»ΓÄ»ΓÄ»ΓÄ»ΓÄ» Unhandled Error ΓÄ»ΓÄ»ΓÄ»ΓÄ»ΓÄ»ΓÄ»ΓÄ»
Error: [vitest-pool]: Worker forks emitted error.
 Γ¥» EventEmitter.<anonymous> node_modules/vitest/dist/chunks/cli-api.RnIE1JbW.js:7227:22
 Γ¥» EventEmitter.emit node:events:508:28
 Γ¥» ChildProcess.emitUnexpectedExit node_modules/vitest/dist/chunks/cli-api.RnIE1JbW.js:6803:22
 Γ¥» ChildProcess.emit node:events:508:28
 Γ¥» Process.ChildProcess._handle.onexit node:internal/child_process:294:12

Caused by: Error: Worker exited unexpectedly
 Γ¥» ChildProcess.emitUnexpectedExit node_modules/vitest/dist/chunks/cli-api.RnIE1JbW.js:6802:33
 Γ¥» ChildProcess.emit node:events:508:28
 Γ¥» Process.ChildProcess._handle.onexit node:internal/child_process:294:12

ΓÄ»ΓÄ»ΓÄ»ΓÄ»ΓÄ»ΓÄ»ΓÄ»ΓÄ»ΓÄ»ΓÄ»ΓÄ»ΓÄ»ΓÄ»ΓÄ»ΓÄ»ΓÄ»ΓÄ»ΓÄ»ΓÄ»ΓÄ»ΓÄ»ΓÄ»ΓÄ»ΓÄ»ΓÄ»ΓÄ»ΓÄ»ΓÄ»ΓÄ»ΓÄ»


[2m Test Files [22m [1m[31m1 failed[39m[22m[2m | [22m[1m[32m1 passed[39m[22m[90m (2)[39m
[2m      Tests [22m [1m[32m1 passed[39m[22m[90m (1)[39m
[2m     Errors [22m [1m[31m1 error[39m[22m
[2m   Start at [22m 01:56:42
[2m   Duration [22m 225ms

[1m[41m FAIL [49m[22m [31mTests failed. Watching for file changes...[39m
       [2mpress [22m[1mh[22m[2m to show help[22m[2m, [22m[2mpress [22m[1mq[22m[2m to quit[22m
^C
