
> smart-health-manager-server@1.0.0 test
> vitest


[1m[44m DEV [49m[22m [34mv4.0.8 [39m[90mC:/Users/support/Desktop/Dev-Projects/health-management/server[39m

 [32mΓ£ô[39m src/tests/pharmacyReportsExport.integration.test.ts [2m([22m[2m2 tests[22m[2m)[22m[32m 8[2mms[22m[39m
 [32mΓ£ô[39m src/tests/auth.test.ts [2m([22m[2m4 tests[22m[2m)[22m[32m 13[2mms[22m[39m
 [32mΓ£ô[39m src/tests/purchaseOrderTransitions.test.ts [2m([22m[2m2 tests[22m[2m)[22m[32m 10[2mms[22m[39m
 [32mΓ£ô[39m src/tests/passwordEnforcement.test.ts [2m([22m[2m3 tests[22m[2m)[22m[32m 9[2mms[22m[39m
 [32mΓ£ô[39m src/tests/drugInteractions.unit.test.ts [2m([22m[2m3 tests[22m[2m)[22m[32m 5[2mms[22m[39m
 [32mΓ£ô[39m src/tests/middleware/requirePermission.test.ts [2m([22m[2m3 tests[22m[2m)[22m[32m 8[2mms[22m[39m
stderr | src/tests/pharmacyReportsExport.test.ts > Pharmacy report exports > returns CSV
Generate pharmacy report error: TypeError: Cannot read properties of undefined (reading 'accept')
    at Module.generatePharmacyReport (C:/Users/support/Desktop/Dev-Projects/health-management/server/src/controllers/pharmacy.controller.ts:102:31)
    at C:/Users/support/Desktop/Dev-Projects/health-management/server/src/tests/pharmacyReportsExport.test.ts:24:11
    at file:///C:/Users/support/Desktop/Dev-Projects/health-management/server/node_modules/@vitest/runner/dist/index.js:157:11
    at file:///C:/Users/support/Desktop/Dev-Projects/health-management/server/node_modules/@vitest/runner/dist/index.js:753:26
    at file:///C:/Users/support/Desktop/Dev-Projects/health-management/server/node_modules/@vitest/runner/dist/index.js:1636:20
    at new Promise (<anonymous>)
    at runWithTimeout (file:///C:/Users/support/Desktop/Dev-Projects/health-management/server/node_modules/@vitest/runner/dist/index.js:1602:10)
    at runTest (file:///C:/Users/support/Desktop/Dev-Projects/health-management/server/node_modules/@vitest/runner/dist/index.js:1309:12)
    at processTicksAndRejections (node:internal/process/task_queues:105:5)
    at runSuite (file:///C:/Users/support/Desktop/Dev-Projects/health-management/server/node_modules/@vitest/runner/dist/index.js:1468:8)

stderr | src/tests/pharmacyReportsExport.test.ts > Pharmacy report exports > returns XLSX (CSV payload)
Generate pharmacy report error: TypeError: Cannot read properties of undefined (reading 'accept')
    at Module.generatePharmacyReport (C:/Users/support/Desktop/Dev-Projects/health-management/server/src/controllers/pharmacy.controller.ts:102:31)
    at C:/Users/support/Desktop/Dev-Projects/health-management/server/src/tests/pharmacyReportsExport.test.ts:31:11
    at file:///C:/Users/support/Desktop/Dev-Projects/health-management/server/node_modules/@vitest/runner/dist/index.js:157:11
    at file:///C:/Users/support/Desktop/Dev-Projects/health-management/server/node_modules/@vitest/runner/dist/index.js:753:26
    at file:///C:/Users/support/Desktop/Dev-Projects/health-management/server/node_modules/@vitest/runner/dist/index.js:1636:20
    at new Promise (<anonymous>)
    at runWithTimeout (file:///C:/Users/support/Desktop/Dev-Projects/health-management/server/node_modules/@vitest/runner/dist/index.js:1602:10)
    at runTest (file:///C:/Users/support/Desktop/Dev-Projects/health-management/server/node_modules/@vitest/runner/dist/index.js:1309:12)
    at processTicksAndRejections (node:internal/process/task_queues:105:5)
    at runSuite (file:///C:/Users/support/Desktop/Dev-Projects/health-management/server/node_modules/@vitest/runner/dist/index.js:1468:8)

stderr | src/tests/pharmacyReportsExport.test.ts > Pharmacy report exports > returns 501 for PDF
Generate pharmacy report error: TypeError: Cannot read properties of undefined (reading 'accept')
    at Module.generatePharmacyReport (C:/Users/support/Desktop/Dev-Projects/health-management/server/src/controllers/pharmacy.controller.ts:102:31)
    at C:/Users/support/Desktop/Dev-Projects/health-management/server/src/tests/pharmacyReportsExport.test.ts:38:11
    at file:///C:/Users/support/Desktop/Dev-Projects/health-management/server/node_modules/@vitest/runner/dist/index.js:157:11
    at file:///C:/Users/support/Desktop/Dev-Projects/health-management/server/node_modules/@vitest/runner/dist/index.js:753:26
    at file:///C:/Users/support/Desktop/Dev-Projects/health-management/server/node_modules/@vitest/runner/dist/index.js:1636:20
    at new Promise (<anonymous>)
    at runWithTimeout (file:///C:/Users/support/Desktop/Dev-Projects/health-management/server/node_modules/@vitest/runner/dist/index.js:1602:10)
    at runTest (file:///C:/Users/support/Desktop/Dev-Projects/health-management/server/node_modules/@vitest/runner/dist/index.js:1309:12)
    at processTicksAndRejections (node:internal/process/task_queues:105:5)
    at runSuite (file:///C:/Users/support/Desktop/Dev-Projects/health-management/server/node_modules/@vitest/runner/dist/index.js:1468:8)

 [31mΓ¥»[39m src/tests/pharmacyReportsExport.test.ts [2m([22m[2m3 tests[22m[2m | [22m[31m3 failed[39m[2m)[22m[32m 29[2mms[22m[39m
[31m     [31m├ù[31m returns CSV[39m[32m 16[2mms[22m[39m
[31m     [31m├ù[31m returns XLSX (CSV payload)[39m[32m 2[2mms[22m[39m
[31m     [31m├ù[31m returns 501 for PDF[39m[32m 8[2mms[22m[39m
 [32mΓ£ô[39m src/tests/batchRecall.test.ts [2m([22m[2m1 test[22m[2m)[22m[32m 5[2mms[22m[39m
 [32mΓ£ô[39m src/tests/financialModule.test.ts [2m([22m[2m6 tests[22m[2m | [22m[33m2 skipped[39m[2m)[22m[32m 105[2mms[22m[39m

ΓÄ»ΓÄ»ΓÄ»ΓÄ»ΓÄ»ΓÄ» Failed Suites 2 ΓÄ»ΓÄ»ΓÄ»ΓÄ»ΓÄ»ΓÄ»ΓÄ»

 FAIL  src/tests/storageUsage.test.ts [ src/tests/storageUsage.test.ts ]
Error: Transform failed with 1 error:
C:/Users/support/Desktop/Dev-Projects/health-management/server/src/services/onedrive.storage.service.ts:63:8: ERROR: Expected ";" but found "download"
  Plugin: vite:esbuild
  File: C:/Users/support/Desktop/Dev-Projects/health-management/server/src/services/onedrive.storage.service.ts:63:8
  
  Expected ";" but found "download"
  61 |      }
  62 |  
  63 |    async download(documentId: string): Promise<{ filePath: string; fileName: string }> {
     |          ^
  64 |      const accessToken = await this.getValidAccessToken();
  65 |      try {
  
 Γ¥» failureErrorWithLog node_modules/esbuild/lib/main.js:1467:15
 Γ¥» node_modules/esbuild/lib/main.js:736:50
 Γ¥» responseCallbacks.<computed> node_modules/esbuild/lib/main.js:603:9
 Γ¥» handleIncomingPacket node_modules/esbuild/lib/main.js:658:12
 Γ¥» Socket.readFromStdout node_modules/esbuild/lib/main.js:581:7

ΓÄ»ΓÄ»ΓÄ»ΓÄ»ΓÄ»ΓÄ»ΓÄ»ΓÄ»ΓÄ»ΓÄ»ΓÄ»ΓÄ»ΓÄ»ΓÄ»ΓÄ»ΓÄ»ΓÄ»ΓÄ»ΓÄ»ΓÄ»ΓÄ»ΓÄ»ΓÄ»ΓÄ»[1/5]ΓÄ»

 FAIL  src/tests/superAdmin.test.ts [ src/tests/superAdmin.test.ts ]
Error: Transform failed with 1 error:
C:/Users/support/Desktop/Dev-Projects/health-management/server/src/tests/superAdmin.test.ts:190:103: ERROR: Expected ")" but found "restore"
  Plugin: vite:esbuild
  File: C:/Users/support/Desktop/Dev-Projects/health-management/server/src/tests/superAdmin.test.ts:190:103
  
  Expected ")" but found "restore"
  188 |        });
  189 |        expect(pool.getConnection().query).toHaveBeenCalledWith(
  190 |  ...d, action, module, details, ip_address) VALUES (UUID(), ?, 'restore', 'system', ?, ?)',
      |                                                                 ^
  191 |          ['test-user', 'System restored from backup: valid-backup.sql', expect.any(String)]
  192 |        );
  
 Γ¥» failureErrorWithLog node_modules/esbuild/lib/main.js:1467:15
 Γ¥» node_modules/esbuild/lib/main.js:736:50
 Γ¥» responseCallbacks.<computed> node_modules/esbuild/lib/main.js:603:9
 Γ¥» handleIncomingPacket node_modules/esbuild/lib/main.js:658:12
 Γ¥» Socket.readFromStdout node_modules/esbuild/lib/main.js:581:7

ΓÄ»ΓÄ»ΓÄ»ΓÄ»ΓÄ»ΓÄ»ΓÄ»ΓÄ»ΓÄ»ΓÄ»ΓÄ»ΓÄ»ΓÄ»ΓÄ»ΓÄ»ΓÄ»ΓÄ»ΓÄ»ΓÄ»ΓÄ»ΓÄ»ΓÄ»ΓÄ»ΓÄ»[2/5]ΓÄ»


ΓÄ»ΓÄ»ΓÄ»ΓÄ»ΓÄ»ΓÄ»ΓÄ» Failed Tests 3 ΓÄ»ΓÄ»ΓÄ»ΓÄ»ΓÄ»ΓÄ»ΓÄ»

 FAIL  src/tests/pharmacyReportsExport.test.ts > Pharmacy report exports > returns CSV
AssertionError: expected "vi.fn()" to be called at least once
 Γ¥» src/tests/pharmacyReportsExport.test.ts:25:31
     23|     const res = makeRes()
     24|     await generatePharmacyReport(req, res)
     25|     expect((res.send as any)).toHaveBeenCalled()
       |                               ^
     26|   })
     27| 

ΓÄ»ΓÄ»ΓÄ»ΓÄ»ΓÄ»ΓÄ»ΓÄ»ΓÄ»ΓÄ»ΓÄ»ΓÄ»ΓÄ»ΓÄ»ΓÄ»ΓÄ»ΓÄ»ΓÄ»ΓÄ»ΓÄ»ΓÄ»ΓÄ»ΓÄ»ΓÄ»ΓÄ»[3/5]ΓÄ»

 FAIL  src/tests/pharmacyReportsExport.test.ts > Pharmacy report exports > returns XLSX (CSV payload)
AssertionError: expected "vi.fn()" to be called at least once
 Γ¥» src/tests/pharmacyReportsExport.test.ts:32:31
     30|     const res = makeRes()
     31|     await generatePharmacyReport(req, res)
     32|     expect((res.send as any)).toHaveBeenCalled()
       |                               ^
     33|   })
     34| 

ΓÄ»ΓÄ»ΓÄ»ΓÄ»ΓÄ»ΓÄ»ΓÄ»ΓÄ»ΓÄ»ΓÄ»ΓÄ»ΓÄ»ΓÄ»ΓÄ»ΓÄ»ΓÄ»ΓÄ»ΓÄ»ΓÄ»ΓÄ»ΓÄ»ΓÄ»ΓÄ»ΓÄ»[4/5]ΓÄ»

 FAIL  src/tests/pharmacyReportsExport.test.ts > Pharmacy report exports > returns 501 for PDF
AssertionError: expected "vi.fn()" to be called with arguments: [ 501 ]

Received: 

  1st vi.fn() call:

  [
-   501,
+   500,
  ]


Number of calls: 1

 Γ¥» src/tests/pharmacyReportsExport.test.ts:39:33
     37|     const res = makeRes()
     38|     await generatePharmacyReport(req, res)
     39|     expect((res.status as any)).toHaveBeenCalledWith(501)
       |                                 ^
     40|   })
     41| })

ΓÄ»ΓÄ»ΓÄ»ΓÄ»ΓÄ»ΓÄ»ΓÄ»ΓÄ»ΓÄ»ΓÄ»ΓÄ»ΓÄ»ΓÄ»ΓÄ»ΓÄ»ΓÄ»ΓÄ»ΓÄ»ΓÄ»ΓÄ»ΓÄ»ΓÄ»ΓÄ»ΓÄ»[5/5]ΓÄ»


[2m Test Files [22m [1m[31m3 failed[39m[22m[2m | [22m[1m[32m8 passed[39m[22m[90m (11)[39m
[2m      Tests [22m [1m[31m3 failed[39m[22m[2m | [22m[1m[32m22 passed[39m[22m[2m | [22m[33m2 skipped[39m[90m (27)[39m
[2m   Start at [22m 23:54:09
[2m   Duration [22m 1.48s[2m (transform 780ms, setup 0ms, collect 2.91s, tests 192ms, environment 2ms, prepare 119ms)[22m

[1m[41m FAIL [49m[22m [31mTests failed. Watching for file changes...[39m
       [2mpress [22m[1mh[22m[2m to show help[22m[2m, [22m[2mpress [22m[1mq[22m[2m to quit[22m
c[3J[1m[44m RERUN [49m[22m [34m[2msrc/tests/superAdmin.test.ts [22m[34mx1 [34m[39m

 [31mΓ¥»[39m src/tests/pharmacyReportsExport.test.ts [2m([22m[2m3 tests[22m[2m | [22m[31m3 failed[39m[2m)[22m[32m 29[2mms[22m[39m
[31m     [31m├ù[31m returns CSV[39m[32m 16[2mms[22m[39m
[31m     [31m├ù[31m returns XLSX (CSV payload)[39m[32m 2[2mms[22m[39m
[31m     [31m├ù[31m returns 501 for PDF[39m[32m 8[2mms[22m[39m
 [31mΓ¥»[39m src/tests/storageUsage.test.ts [2m([22m[2m0 test[22m[2m)[22m

ΓÄ»ΓÄ»ΓÄ»ΓÄ»ΓÄ»ΓÄ» Failed Suites 1 ΓÄ»ΓÄ»ΓÄ»ΓÄ»ΓÄ»ΓÄ»ΓÄ»

 FAIL  src/tests/superAdmin.test.ts [ src/tests/superAdmin.test.ts ]
Error: Transform failed with 1 error:
C:/Users/support/Desktop/Dev-Projects/health-management/server/src/tests/superAdmin.test.ts:190:134: ERROR: Unexpected ","
  Plugin: vite:esbuild
  File: C:/Users/support/Desktop/Dev-Projects/health-management/server/src/tests/superAdmin.test.ts:190:134
  
  Unexpected ","
  188 |        });
  189 |        expect(pool.getConnection().query).toHaveBeenCalledWith(
  190 |  ...address) VALUES (UUID(), ?, \'restore\', \'system\', ?, ?)',,
      |                                                                 ^
  191 |          ['test-user', 'System restored from backup: valid-backup.sql', expect.any(String)]
  192 |        );
  
 Γ¥» failureErrorWithLog node_modules/esbuild/lib/main.js:1467:15
 Γ¥» node_modules/esbuild/lib/main.js:736:50
 Γ¥» responseCallbacks.<computed> node_modules/esbuild/lib/main.js:603:9
 Γ¥» handleIncomingPacket node_modules/esbuild/lib/main.js:658:12
 Γ¥» Socket.readFromStdout node_modules/esbuild/lib/main.js:581:7

ΓÄ»ΓÄ»ΓÄ»ΓÄ»ΓÄ»ΓÄ»ΓÄ»ΓÄ»ΓÄ»ΓÄ»ΓÄ»ΓÄ»ΓÄ»ΓÄ»ΓÄ»ΓÄ»ΓÄ»ΓÄ»ΓÄ»ΓÄ»ΓÄ»ΓÄ»ΓÄ»ΓÄ»[1/1]ΓÄ»


[2m Test Files [22m [1m[31m3 failed[39m[22m[90m (3)[39m
[2m      Tests [22m [1m[31m3 failed[39m[22m[90m (3)[39m
[2m   Start at [22m 23:54:18
[2m   Duration [22m 0ms

[1m[41m FAIL [49m[22m [31mTests failed. Watching for file changes...[39m
       [2mpress [22m[1mh[22m[2m to show help[22m[2m, [22m[2mpress [22m[1mq[22m[2m to quit[22m
c[3J[1m[44m RERUN [49m[22m [34m[2msrc/tests/superAdmin.test.ts [22m[34mx2 [34m[39m

 [31mΓ¥»[39m src/tests/pharmacyReportsExport.test.ts [2m([22m[2m3 tests[22m[2m | [22m[31m3 failed[39m[2m)[22m[32m 29[2mms[22m[39m
[31m     [31m├ù[31m returns CSV[39m[32m 16[2mms[22m[39m
[31m     [31m├ù[31m returns XLSX (CSV payload)[39m[32m 2[2mms[22m[39m
[31m     [31m├ù[31m returns 501 for PDF[39m[32m 8[2mms[22m[39m
 [31mΓ¥»[39m src/tests/storageUsage.test.ts [2m([22m[2m0 test[22m[2m)[22m

ΓÄ»ΓÄ»ΓÄ»ΓÄ»ΓÄ»ΓÄ» Failed Suites 1 ΓÄ»ΓÄ»ΓÄ»ΓÄ»ΓÄ»ΓÄ»ΓÄ»

 FAIL  src/tests/superAdmin.test.ts [ src/tests/superAdmin.test.ts ]
Error: Transform failed with 1 error:
C:/Users/support/Desktop/Dev-Projects/health-management/server/src/tests/superAdmin.test.ts:190:134: ERROR: Unexpected ","
  Plugin: vite:esbuild
  File: C:/Users/support/Desktop/Dev-Projects/health-management/server/src/tests/superAdmin.test.ts:190:134
  
  Unexpected ","
  188 |        });
  189 |        expect(pool.getConnection().query).toHaveBeenCalledWith(
  190 |  ...address) VALUES (UUID(), ?, \'restore\', \'system\', ?, ?)',,
      |                                                                 ^
  191 |          ['test-user', 'System restored from backup: valid-backup.sql', expect.any(String)]
  192 |        );
  
 Γ¥» failureErrorWithLog node_modules/esbuild/lib/main.js:1467:15
 Γ¥» node_modules/esbuild/lib/main.js:736:50
 Γ¥» responseCallbacks.<computed> node_modules/esbuild/lib/main.js:603:9
 Γ¥» handleIncomingPacket node_modules/esbuild/lib/main.js:658:12
 Γ¥» Socket.readFromStdout node_modules/esbuild/lib/main.js:581:7

ΓÄ»ΓÄ»ΓÄ»ΓÄ»ΓÄ»ΓÄ»ΓÄ»ΓÄ»ΓÄ»ΓÄ»ΓÄ»ΓÄ»ΓÄ»ΓÄ»ΓÄ»ΓÄ»ΓÄ»ΓÄ»ΓÄ»ΓÄ»ΓÄ»ΓÄ»ΓÄ»ΓÄ»[1/1]ΓÄ»


[2m Test Files [22m [1m[31m3 failed[39m[22m[90m (3)[39m
[2m      Tests [22m [1m[31m3 failed[39m[22m[90m (3)[39m
[2m   Start at [22m 23:54:18
[2m   Duration [22m 0ms

[1m[41m FAIL [49m[22m [31mTests failed. Watching for file changes...[39m
       [2mpress [22m[1mh[22m[2m to show help[22m[2m, [22m[2mpress [22m[1mq[22m[2m to quit[22m
c[3J[1m[44m RERUN [49m[22m [34m[2msrc/tests/superAdmin.test.ts [22m[34mx3 [34m[39m

 [31mΓ¥»[39m src/tests/pharmacyReportsExport.test.ts [2m([22m[2m3 tests[22m[2m | [22m[31m3 failed[39m[2m)[22m[32m 29[2mms[22m[39m
[31m     [31m├ù[31m returns CSV[39m[32m 16[2mms[22m[39m
[31m     [31m├ù[31m returns XLSX (CSV payload)[39m[32m 2[2mms[22m[39m
[31m     [31m├ù[31m returns 501 for PDF[39m[32m 8[2mms[22m[39m
 [31mΓ¥»[39m src/tests/storageUsage.test.ts [2m([22m[2m0 test[22m[2m)[22m
stderr | src/tests/superAdmin.test.ts > Settings Controller > getSettings > should return 500 if fetching settings fails
Get settings error: Error: Failed to fetch settings
    at Object.<anonymous> (C:/Users/support/Desktop/Dev-Projects/health-management/server/src/tests/superAdmin.test.ts:294:15)
    at Object.Mock [as query] (file:///C:/Users/support/Desktop/Dev-Projects/health-management/server/node_modules/@vitest/spy/dist/index.js:280:34)
    at Module.getSettings (C:/Users/support/Desktop/Dev-Projects/health-management/server/src/controllers/settings.controller.ts:7:39)
    at C:/Users/support/Desktop/Dev-Projects/health-management/server/src/tests/superAdmin.test.ts:299:13
    at file:///C:/Users/support/Desktop/Dev-Projects/health-management/server/node_modules/@vitest/runner/dist/index.js:157:11
    at file:///C:/Users/support/Desktop/Dev-Projects/health-management/server/node_modules/@vitest/runner/dist/index.js:753:26
    at file:///C:/Users/support/Desktop/Dev-Projects/health-management/server/node_modules/@vitest/runner/dist/index.js:1636:20
    at new Promise (<anonymous>)
    at runWithTimeout (file:///C:/Users/support/Desktop/Dev-Projects/health-management/server/node_modules/@vitest/runner/dist/index.js:1602:10)
    at runTest (file:///C:/Users/support/Desktop/Dev-Projects/health-management/server/node_modules/@vitest/runner/dist/index.js:1309:12)

stderr | src/tests/superAdmin.test.ts > Settings Controller > updateSettings > should return 500 if updating settings fails
Update settings error: Error: Failed to update settings
    at Object.<anonymous> (C:/Users/support/Desktop/Dev-Projects/health-management/server/src/tests/superAdmin.test.ts:329:15)
    at Object.Mock [as query] (file:///C:/Users/support/Desktop/Dev-Projects/health-management/server/node_modules/@vitest/spy/dist/index.js:280:34)
    at C:/Users/support/Desktop/Dev-Projects/health-management/server/src/controllers/settings.controller.ts:34:19
    at Array.map (<anonymous>)
    at Module.updateSettings (C:/Users/support/Desktop/Dev-Projects/health-management/server/src/controllers/settings.controller.ts:31:52)
    at C:/Users/support/Desktop/Dev-Projects/health-management/server/src/tests/superAdmin.test.ts:336:13
    at file:///C:/Users/support/Desktop/Dev-Projects/health-management/server/node_modules/@vitest/runner/dist/index.js:157:11
    at file:///C:/Users/support/Desktop/Dev-Projects/health-management/server/node_modules/@vitest/runner/dist/index.js:753:26
    at file:///C:/Users/support/Desktop/Dev-Projects/health-management/server/node_modules/@vitest/runner/dist/index.js:1636:20
    at new Promise (<anonymous>)

 [31mΓ¥»[39m src/tests/superAdmin.test.ts [2m([22m[2m12 tests[22m[2m | [22m[31m8 failed[39m[2m)[22m[32m 22[2mms[22m[39m
[31m       [31m├ù[31m should trigger a database backup and return 200[39m[32m 6[2mms[22m[39m
[31m       [31m├ù[31m should return 500 if backup fails[39m[32m 1[2mms[22m[39m
[31m       [31m├ù[31m should restore a database backup and return 200[39m[32m 0[2mms[22m[39m
[31m       [31m├ù[31m should return 400 if backupPath is missing[39m[32m 1[2mms[22m[39m
[31m       [31m├ù[31m should return 404 if backup file does not exist[39m[32m 0[2mms[22m[39m
[31m       [31m├ù[31m should return 500 if restore fails[39m[32m 0[2mms[22m[39m
[31m       [31m├ù[31m should return 200 with system health status[39m[32m 0[2mms[22m[39m
[31m       [31m├ù[31m should return 500 if database connection fails[39m[32m 1[2mms[22m[39m
       [32mΓ£ô[39m should return system settings[32m 4[2mms[22m[39m
       [32mΓ£ô[39m should return 500 if fetching settings fails[32m 4[2mms[22m[39m
       [32mΓ£ô[39m should update system settings[32m 1[2mms[22m[39m
       [32mΓ£ô[39m should return 500 if updating settings fails[32m 1[2mms[22m[39m

ΓÄ»ΓÄ»ΓÄ»ΓÄ»ΓÄ»ΓÄ»ΓÄ» Failed Tests 8 ΓÄ»ΓÄ»ΓÄ»ΓÄ»ΓÄ»ΓÄ»ΓÄ»

 FAIL  src/tests/superAdmin.test.ts > SuperAdmin Controller > triggerBackup > should trigger a database backup and return 200
 FAIL  src/tests/superAdmin.test.ts > SuperAdmin Controller > triggerBackup > should return 500 if backup fails
 FAIL  src/tests/superAdmin.test.ts > SuperAdmin Controller > restoreBackup > should restore a database backup and return 200
 FAIL  src/tests/superAdmin.test.ts > SuperAdmin Controller > restoreBackup > should return 400 if backupPath is missing
 FAIL  src/tests/superAdmin.test.ts > SuperAdmin Controller > restoreBackup > should return 404 if backup file does not exist
 FAIL  src/tests/superAdmin.test.ts > SuperAdmin Controller > restoreBackup > should return 500 if restore fails
 FAIL  src/tests/superAdmin.test.ts > SuperAdmin Controller > getSystemHealth > should return 200 with system health status
 FAIL  src/tests/superAdmin.test.ts > SuperAdmin Controller > getSystemHealth > should return 500 if database connection fails
TypeError: __vite_ssr_import_0__.vi.mocked(...).mockImplementation is not a function
 Γ¥» src/tests/superAdmin.test.ts:116:31

ΓÄ»ΓÄ»ΓÄ»ΓÄ»ΓÄ»ΓÄ»ΓÄ»ΓÄ»ΓÄ»ΓÄ»ΓÄ»ΓÄ»ΓÄ»ΓÄ»ΓÄ»ΓÄ»ΓÄ»ΓÄ»ΓÄ»ΓÄ»ΓÄ»ΓÄ»ΓÄ»ΓÄ»[1/8]ΓÄ»


[2m Test Files [22m [1m[31m3 failed[39m[22m[90m (3)[39m
[2m      Tests [22m [1m[31m11 failed[39m[22m[2m | [22m[1m[32m4 passed[39m[22m[90m (15)[39m
[2m   Start at [22m 23:57:59
[2m   Duration [22m 229ms

[1m[41m FAIL [49m[22m [31mTests failed. Watching for file changes...[39m
       [2mpress [22m[1mh[22m[2m to show help[22m[2m, [22m[2mpress [22m[1mq[22m[2m to quit[22m
c[3J[1m[44m RERUN [49m[22m [34m[2msrc/tests/superAdmin.test.ts [22m[34mx4 [34m[39m

 [31mΓ¥»[39m src/tests/pharmacyReportsExport.test.ts [2m([22m[2m3 tests[22m[2m | [22m[31m3 failed[39m[2m)[22m[32m 29[2mms[22m[39m
[31m     [31m├ù[31m returns CSV[39m[32m 16[2mms[22m[39m
[31m     [31m├ù[31m returns XLSX (CSV payload)[39m[32m 2[2mms[22m[39m
[31m     [31m├ù[31m returns 501 for PDF[39m[32m 8[2mms[22m[39m
 [31mΓ¥»[39m src/tests/storageUsage.test.ts [2m([22m[2m0 test[22m[2m)[22m
stderr | src/tests/superAdmin.test.ts > Settings Controller > getSettings > should return 500 if fetching settings fails
Get settings error: Error: Failed to fetch settings
    at Object.<anonymous> (C:/Users/support/Desktop/Dev-Projects/health-management/server/src/tests/superAdmin.test.ts:294:15)
    at Object.Mock [as query] (file:///C:/Users/support/Desktop/Dev-Projects/health-management/server/node_modules/@vitest/spy/dist/index.js:280:34)
    at Module.getSettings (C:/Users/support/Desktop/Dev-Projects/health-management/server/src/controllers/settings.controller.ts:7:39)
    at C:/Users/support/Desktop/Dev-Projects/health-management/server/src/tests/superAdmin.test.ts:299:13
    at file:///C:/Users/support/Desktop/Dev-Projects/health-management/server/node_modules/@vitest/runner/dist/index.js:157:11
    at file:///C:/Users/support/Desktop/Dev-Projects/health-management/server/node_modules/@vitest/runner/dist/index.js:753:26
    at file:///C:/Users/support/Desktop/Dev-Projects/health-management/server/node_modules/@vitest/runner/dist/index.js:1636:20
    at new Promise (<anonymous>)
    at runWithTimeout (file:///C:/Users/support/Desktop/Dev-Projects/health-management/server/node_modules/@vitest/runner/dist/index.js:1602:10)
    at runTest (file:///C:/Users/support/Desktop/Dev-Projects/health-management/server/node_modules/@vitest/runner/dist/index.js:1309:12)

stderr | src/tests/superAdmin.test.ts > Settings Controller > updateSettings > should return 500 if updating settings fails
Update settings error: Error: Failed to update settings
    at Object.<anonymous> (C:/Users/support/Desktop/Dev-Projects/health-management/server/src/tests/superAdmin.test.ts:329:15)
    at Object.Mock [as query] (file:///C:/Users/support/Desktop/Dev-Projects/health-management/server/node_modules/@vitest/spy/dist/index.js:280:34)
    at C:/Users/support/Desktop/Dev-Projects/health-management/server/src/controllers/settings.controller.ts:34:19
    at Array.map (<anonymous>)
    at Module.updateSettings (C:/Users/support/Desktop/Dev-Projects/health-management/server/src/controllers/settings.controller.ts:31:52)
    at C:/Users/support/Desktop/Dev-Projects/health-management/server/src/tests/superAdmin.test.ts:336:13
    at file:///C:/Users/support/Desktop/Dev-Projects/health-management/server/node_modules/@vitest/runner/dist/index.js:157:11
    at file:///C:/Users/support/Desktop/Dev-Projects/health-management/server/node_modules/@vitest/runner/dist/index.js:753:26
    at file:///C:/Users/support/Desktop/Dev-Projects/health-management/server/node_modules/@vitest/runner/dist/index.js:1636:20
    at new Promise (<anonymous>)


ΓÄ»ΓÄ»ΓÄ»ΓÄ»ΓÄ»ΓÄ»ΓÄ» Failed Tests 8 ΓÄ»ΓÄ»ΓÄ»ΓÄ»ΓÄ»ΓÄ»ΓÄ»

 [31mΓ¥»[39m src/tests/superAdmin.test.ts [2m([22m[2m12 tests[22m[2m | [22m[31m8 failed[39m[2m)[22m[32m 26[2mms[22m[39m
 FAIL  src/tests/superAdmin.test.ts > SuperAdmin Controller > triggerBackup > should trigger a database backup and return 200
 FAIL  src/tests/superAdmin.test.ts > SuperAdmin Controller > triggerBackup > should return 500 if backup fails
 FAIL  src/tests/superAdmin.test.ts > SuperAdmin Controller > restoreBackup > should restore a database backup and return 200
 FAIL  src/tests/superAdmin.test.ts > SuperAdmin Controller > restoreBackup > should return 400 if backupPath is missing
 FAIL  src/tests/superAdmin.test.ts > SuperAdmin Controller > restoreBackup > should return 404 if backup file does not exist
 FAIL  src/tests/superAdmin.test.ts > SuperAdmin Controller > restoreBackup > should return 500 if restore fails
 FAIL  src/tests/superAdmin.test.ts > SuperAdmin Controller > getSystemHealth > should return 200 with system health status
 FAIL  src/tests/superAdmin.test.ts > SuperAdmin Controller > getSystemHealth > should return 500 if database connection fails
TypeError: __vite_ssr_import_0__.vi.mocked(...).mockImplementation is not a function
 Γ¥» src/tests/superAdmin.test.ts:116:31
    114|       (mkdir as Mock).mockResolvedValue('path/to/dir');
    115|       (readdir as Mock).mockResolvedValue(['backup1.sql', 'valid-backuΓÇª
    116|       vi.mocked(exec as Mock).mockImplementation((command, callback: MΓÇª
       |                               ^
    117|         if (command.includes('mysqldump')) {
    118|           callback(null, 'Backup successful', '');

ΓÄ»ΓÄ»ΓÄ»ΓÄ»ΓÄ»ΓÄ»ΓÄ»ΓÄ»ΓÄ»ΓÄ»ΓÄ»ΓÄ»ΓÄ»ΓÄ»ΓÄ»ΓÄ»ΓÄ»ΓÄ»ΓÄ»ΓÄ»ΓÄ»ΓÄ»ΓÄ»ΓÄ»[1/8]ΓÄ»

[31m       [31m├ù[31m should trigger a database backup and return 200[39m[32m 6[2mms[22m[39m
[31m       [31m├ù[31m should return 500 if backup fails[39m[32m 1[2mms[22m[39m
[31m       [31m├ù[31m should restore a database backup and return 200[39m[32m 0[2mms[22m[39m
[31m       [31m├ù[31m should return 400 if backupPath is missing[39m[32m 1[2mms[22m[39m
[31m       [31m├ù[31m should return 404 if backup file does not exist[39m[32m 0[2mms[22m[39m
[31m       [31m├ù[31m should return 500 if restore fails[39m[32m 1[2mms[22m[39m
[31m       [31m├ù[31m should return 200 with system health status[39m[32m 1[2mms[22m[39m
[31m       [31m├ù[31m should return 500 if database connection fails[39m[32m 1[2mms[22m[39m
       [32mΓ£ô[39m should return system settings[32m 4[2mms[22m[39m
       [32mΓ£ô[39m should return 500 if fetching settings fails[32m 4[2mms[22m[39m
       [32mΓ£ô[39m should update system settings[32m 2[2mms[22m[39m
       [32mΓ£ô[39m should return 500 if updating settings fails[32m 2[2mms[22m[39m

[2m Test Files [22m [1m[31m3 failed[39m[22m[90m (3)[39m
[2m      Tests [22m [1m[31m11 failed[39m[22m[2m | [22m[1m[32m4 passed[39m[22m[90m (15)[39m
[2m   Start at [22m 23:57:59
[2m   Duration [22m 112ms

[1m[41m FAIL [49m[22m [31mTests failed. Watching for file changes...[39m
       [2mpress [22m[1mh[22m[2m to show help[22m[2m, [22m[2mpress [22m[1mq[22m[2m to quit[22m
c[3J[1m[44m RERUN [49m[22m [34m[2msrc/services/googledrive.storage.service.ts [22m[34mx1 [34m[39m

 [31mΓ¥»[39m src/tests/superAdmin.test.ts [2m([22m[2m12 tests[22m[2m | [22m[31m8 failed[39m[2m)[22m[32m 26[2mms[22m[39m
[31m       [31m├ù[31m should trigger a database backup and return 200[39m[32m 6[2mms[22m[39m
[31m       [31m├ù[31m should return 500 if backup fails[39m[32m 1[2mms[22m[39m
[31m       [31m├ù[31m should restore a database backup and return 200[39m[32m 0[2mms[22m[39m
[31m       [31m├ù[31m should return 400 if backupPath is missing[39m[32m 1[2mms[22m[39m
[31m       [31m├ù[31m should return 404 if backup file does not exist[39m[32m 0[2mms[22m[39m
[31m       [31m├ù[31m should return 500 if restore fails[39m[32m 1[2mms[22m[39m
[31m       [31m├ù[31m should return 200 with system health status[39m[32m 1[2mms[22m[39m
[31m       [31m├ù[31m should return 500 if database connection fails[39m[32m 1[2mms[22m[39m
       [32mΓ£ô[39m should return system settings[32m 4[2mms[22m[39m
       [32mΓ£ô[39m should return 500 if fetching settings fails[32m 4[2mms[22m[39m
       [32mΓ£ô[39m should update system settings[32m 2[2mms[22m[39m
       [32mΓ£ô[39m should return 500 if updating settings fails[32m 2[2mms[22m[39m
 [31mΓ¥»[39m src/tests/pharmacyReportsExport.test.ts [2m([22m[2m3 tests[22m[2m | [22m[31m3 failed[39m[2m)[22m[32m 29[2mms[22m[39m
[31m     [31m├ù[31m returns CSV[39m[32m 16[2mms[22m[39m
[31m     [31m├ù[31m returns XLSX (CSV payload)[39m[32m 2[2mms[22m[39m
[31m     [31m├ù[31m returns 501 for PDF[39m[32m 8[2mms[22m[39m

ΓÄ»ΓÄ»ΓÄ»ΓÄ»ΓÄ»ΓÄ» Failed Suites 1 ΓÄ»ΓÄ»ΓÄ»ΓÄ»ΓÄ»ΓÄ»ΓÄ»

 FAIL  src/tests/storageUsage.test.ts [ src/tests/storageUsage.test.ts ]
Error: Transform failed with 1 error:
C:/Users/support/Desktop/Dev-Projects/health-management/server/src/services/onedrive.storage.service.ts:63:8: ERROR: Expected ";" but found "download"
  Plugin: vite:esbuild
  File: C:/Users/support/Desktop/Dev-Projects/health-management/server/src/services/onedrive.storage.service.ts:63:8
  
  Expected ";" but found "download"
  61 |      }
  62 |  
  63 |    async download(documentId: string): Promise<{ filePath: string; fileName: string }> {
     |          ^
  64 |      const accessToken = await this.getValidAccessToken();
  65 |      try {
  
 Γ¥» failureErrorWithLog node_modules/esbuild/lib/main.js:1467:15
 Γ¥» node_modules/esbuild/lib/main.js:736:50
 Γ¥» responseCallbacks.<computed> node_modules/esbuild/lib/main.js:603:9
 Γ¥» handleIncomingPacket node_modules/esbuild/lib/main.js:658:12
 Γ¥» Socket.readFromStdout node_modules/esbuild/lib/main.js:581:7

ΓÄ»ΓÄ»ΓÄ»ΓÄ»ΓÄ»ΓÄ»ΓÄ»ΓÄ»ΓÄ»ΓÄ»ΓÄ»ΓÄ»ΓÄ»ΓÄ»ΓÄ»ΓÄ»ΓÄ»ΓÄ»ΓÄ»ΓÄ»ΓÄ»ΓÄ»ΓÄ»ΓÄ»[1/1]ΓÄ»


[2m Test Files [22m [1m[31m3 failed[39m[22m[90m (3)[39m
[2m      Tests [22m [1m[31m11 failed[39m[22m[2m | [22m[1m[32m4 passed[39m[22m[90m (15)[39m
[2m   Start at [22m 00:00:09
[2m   Duration [22m 0ms

[1m[41m FAIL [49m[22m [31mTests failed. Watching for file changes...[39m
       [2mpress [22m[1mh[22m[2m to show help[22m[2m, [22m[2mpress [22m[1mq[22m[2m to quit[22m
c[3J[1m[44m RERUN [49m[22m [34m[2msrc/services/googledrive.storage.service.ts [22m[34mx2 [34m[39m

 [31mΓ¥»[39m src/tests/superAdmin.test.ts [2m([22m[2m12 tests[22m[2m | [22m[31m8 failed[39m[2m)[22m[32m 26[2mms[22m[39m
[31m       [31m├ù[31m should trigger a database backup and return 200[39m[32m 6[2mms[22m[39m
[31m       [31m├ù[31m should return 500 if backup fails[39m[32m 1[2mms[22m[39m
[31m       [31m├ù[31m should restore a database backup and return 200[39m[32m 0[2mms[22m[39m
[31m       [31m├ù[31m should return 400 if backupPath is missing[39m[32m 1[2mms[22m[39m
[31m       [31m├ù[31m should return 404 if backup file does not exist[39m[32m 0[2mms[22m[39m
[31m       [31m├ù[31m should return 500 if restore fails[39m[32m 1[2mms[22m[39m
[31m       [31m├ù[31m should return 200 with system health status[39m[32m 1[2mms[22m[39m
[31m       [31m├ù[31m should return 500 if database connection fails[39m[32m 1[2mms[22m[39m
       [32mΓ£ô[39m should return system settings[32m 4[2mms[22m[39m
       [32mΓ£ô[39m should return 500 if fetching settings fails[32m 4[2mms[22m[39m
       [32mΓ£ô[39m should update system settings[32m 2[2mms[22m[39m
       [32mΓ£ô[39m should return 500 if updating settings fails[32m 2[2mms[22m[39m
 [31mΓ¥»[39m src/tests/pharmacyReportsExport.test.ts [2m([22m[2m3 tests[22m[2m | [22m[31m3 failed[39m[2m)[22m[32m 29[2mms[22m[39m
[31m     [31m├ù[31m returns CSV[39m[32m 16[2mms[22m[39m
[31m     [31m├ù[31m returns XLSX (CSV payload)[39m[32m 2[2mms[22m[39m
[31m     [31m├ù[31m returns 501 for PDF[39m[32m 8[2mms[22m[39m

ΓÄ»ΓÄ»ΓÄ»ΓÄ»ΓÄ»ΓÄ» Failed Suites 1 ΓÄ»ΓÄ»ΓÄ»ΓÄ»ΓÄ»ΓÄ»ΓÄ»

 FAIL  src/tests/storageUsage.test.ts [ src/tests/storageUsage.test.ts ]
Error: Transform failed with 1 error:
C:/Users/support/Desktop/Dev-Projects/health-management/server/src/services/onedrive.storage.service.ts:63:8: ERROR: Expected ";" but found "download"
  Plugin: vite:esbuild
  File: C:/Users/support/Desktop/Dev-Projects/health-management/server/src/services/onedrive.storage.service.ts:63:8
  
  Expected ";" but found "download"
  61 |      }
  62 |  
  63 |    async download(documentId: string): Promise<{ filePath: string; fileName: string }> {
     |          ^
  64 |      const accessToken = await this.getValidAccessToken();
  65 |      try {
  
 Γ¥» failureErrorWithLog node_modules/esbuild/lib/main.js:1467:15
 Γ¥» node_modules/esbuild/lib/main.js:736:50
 Γ¥» responseCallbacks.<computed> node_modules/esbuild/lib/main.js:603:9
 Γ¥» handleIncomingPacket node_modules/esbuild/lib/main.js:658:12
 Γ¥» Socket.readFromStdout node_modules/esbuild/lib/main.js:581:7

ΓÄ»ΓÄ»ΓÄ»ΓÄ»ΓÄ»ΓÄ»ΓÄ»ΓÄ»ΓÄ»ΓÄ»ΓÄ»ΓÄ»ΓÄ»ΓÄ»ΓÄ»ΓÄ»ΓÄ»ΓÄ»ΓÄ»ΓÄ»ΓÄ»ΓÄ»ΓÄ»ΓÄ»[1/1]ΓÄ»


[2m Test Files [22m [1m[31m3 failed[39m[22m[90m (3)[39m
[2m      Tests [22m [1m[31m11 failed[39m[22m[2m | [22m[1m[32m4 passed[39m[22m[90m (15)[39m
[2m   Start at [22m 00:00:22
[2m   Duration [22m 0ms

[1m[41m FAIL [49m[22m [31mTests failed. Watching for file changes...[39m
       [2mpress [22m[1mh[22m[2m to show help[22m[2m, [22m[2mpress [22m[1mq[22m[2m to quit[22m
c[3J[1m[44m RERUN [49m[22m [34m[2msrc/services/onedrive.storage.service.ts [22m[34mx3 [34m[39m

 [31mΓ¥»[39m src/tests/superAdmin.test.ts [2m([22m[2m12 tests[22m[2m | [22m[31m8 failed[39m[2m)[22m[32m 26[2mms[22m[39m
[31m       [31m├ù[31m should trigger a database backup and return 200[39m[32m 6[2mms[22m[39m
[31m       [31m├ù[31m should return 500 if backup fails[39m[32m 1[2mms[22m[39m
[31m       [31m├ù[31m should restore a database backup and return 200[39m[32m 0[2mms[22m[39m
[31m       [31m├ù[31m should return 400 if backupPath is missing[39m[32m 1[2mms[22m[39m
[31m       [31m├ù[31m should return 404 if backup file does not exist[39m[32m 0[2mms[22m[39m
[31m       [31m├ù[31m should return 500 if restore fails[39m[32m 1[2mms[22m[39m
[31m       [31m├ù[31m should return 200 with system health status[39m[32m 1[2mms[22m[39m
[31m       [31m├ù[31m should return 500 if database connection fails[39m[32m 1[2mms[22m[39m
       [32mΓ£ô[39m should return system settings[32m 4[2mms[22m[39m
       [32mΓ£ô[39m should return 500 if fetching settings fails[32m 4[2mms[22m[39m
       [32mΓ£ô[39m should update system settings[32m 2[2mms[22m[39m
       [32mΓ£ô[39m should return 500 if updating settings fails[32m 2[2mms[22m[39m
 [31mΓ¥»[39m src/tests/pharmacyReportsExport.test.ts [2m([22m[2m3 tests[22m[2m | [22m[31m3 failed[39m[2m)[22m[32m 29[2mms[22m[39m
[31m     [31m├ù[31m returns CSV[39m[32m 16[2mms[22m[39m
[31m     [31m├ù[31m returns XLSX (CSV payload)[39m[32m 2[2mms[22m[39m
[31m     [31m├ù[31m returns 501 for PDF[39m[32m 8[2mms[22m[39m

ΓÄ»ΓÄ»ΓÄ»ΓÄ»ΓÄ»ΓÄ» Failed Suites 1 ΓÄ»ΓÄ»ΓÄ»ΓÄ»ΓÄ»ΓÄ»ΓÄ»

 FAIL  src/tests/storageUsage.test.ts [ src/tests/storageUsage.test.ts ]
Error: Transform failed with 1 error:
C:/Users/support/Desktop/Dev-Projects/health-management/server/src/services/onedrive.storage.service.ts:63:8: ERROR: Expected ";" but found "download"
  Plugin: vite:esbuild
  File: C:/Users/support/Desktop/Dev-Projects/health-management/server/src/services/onedrive.storage.service.ts:63:8
  
  Expected ";" but found "download"
  61 |      }
  62 |  
  63 |    async download(documentId: string): Promise<{ filePath: string; fileName: string }> {
     |          ^
  64 |      const accessToken = await this.getValidAccessToken();
  65 |      try {
  
 Γ¥» failureErrorWithLog node_modules/esbuild/lib/main.js:1467:15
 Γ¥» node_modules/esbuild/lib/main.js:736:50
 Γ¥» responseCallbacks.<computed> node_modules/esbuild/lib/main.js:603:9
 Γ¥» handleIncomingPacket node_modules/esbuild/lib/main.js:658:12
 Γ¥» Socket.readFromStdout node_modules/esbuild/lib/main.js:581:7

ΓÄ»ΓÄ»ΓÄ»ΓÄ»ΓÄ»ΓÄ»ΓÄ»ΓÄ»ΓÄ»ΓÄ»ΓÄ»ΓÄ»ΓÄ»ΓÄ»ΓÄ»ΓÄ»ΓÄ»ΓÄ»ΓÄ»ΓÄ»ΓÄ»ΓÄ»ΓÄ»ΓÄ»[1/1]ΓÄ»


[2m Test Files [22m [1m[31m3 failed[39m[22m[90m (3)[39m
[2m      Tests [22m [1m[31m11 failed[39m[22m[2m | [22m[1m[32m4 passed[39m[22m[90m (15)[39m
[2m   Start at [22m 00:00:38
[2m   Duration [22m 0ms

[1m[41m FAIL [49m[22m [31mTests failed. Watching for file changes...[39m
       [2mpress [22m[1mh[22m[2m to show help[22m[2m, [22m[2mpress [22m[1mq[22m[2m to quit[22m
c[3J[1m[44m RERUN [49m[22m [34m[2msrc/services/onedrive.storage.service.ts [22m[34mx4 [34m[39m

 [31mΓ¥»[39m src/tests/superAdmin.test.ts [2m([22m[2m12 tests[22m[2m | [22m[31m8 failed[39m[2m)[22m[32m 26[2mms[22m[39m
[31m       [31m├ù[31m should trigger a database backup and return 200[39m[32m 6[2mms[22m[39m
[31m       [31m├ù[31m should return 500 if backup fails[39m[32m 1[2mms[22m[39m
[31m       [31m├ù[31m should restore a database backup and return 200[39m[32m 0[2mms[22m[39m
[31m       [31m├ù[31m should return 400 if backupPath is missing[39m[32m 1[2mms[22m[39m
[31m       [31m├ù[31m should return 404 if backup file does not exist[39m[32m 0[2mms[22m[39m
[31m       [31m├ù[31m should return 500 if restore fails[39m[32m 1[2mms[22m[39m
[31m       [31m├ù[31m should return 200 with system health status[39m[32m 1[2mms[22m[39m
[31m       [31m├ù[31m should return 500 if database connection fails[39m[32m 1[2mms[22m[39m
       [32mΓ£ô[39m should return system settings[32m 4[2mms[22m[39m
       [32mΓ£ô[39m should return 500 if fetching settings fails[32m 4[2mms[22m[39m
       [32mΓ£ô[39m should update system settings[32m 2[2mms[22m[39m
       [32mΓ£ô[39m should return 500 if updating settings fails[32m 2[2mms[22m[39m
 [31mΓ¥»[39m src/tests/pharmacyReportsExport.test.ts [2m([22m[2m3 tests[22m[2m | [22m[31m3 failed[39m[2m)[22m[32m 29[2mms[22m[39m
[31m     [31m├ù[31m returns CSV[39m[32m 16[2mms[22m[39m
[31m     [31m├ù[31m returns XLSX (CSV payload)[39m[32m 2[2mms[22m[39m
[31m     [31m├ù[31m returns 501 for PDF[39m[32m 8[2mms[22m[39m

ΓÄ»ΓÄ»ΓÄ»ΓÄ»ΓÄ»ΓÄ» Failed Suites 1 ΓÄ»ΓÄ»ΓÄ»ΓÄ»ΓÄ»ΓÄ»ΓÄ»

 FAIL  src/tests/storageUsage.test.ts [ src/tests/storageUsage.test.ts ]
Error: Transform failed with 1 error:
C:/Users/support/Desktop/Dev-Projects/health-management/server/src/services/onedrive.storage.service.ts:63:8: ERROR: Expected ";" but found "download"
  Plugin: vite:esbuild
  File: C:/Users/support/Desktop/Dev-Projects/health-management/server/src/services/onedrive.storage.service.ts:63:8
  
  Expected ";" but found "download"
  61 |      }
  62 |  
  63 |    async download(documentId: string): Promise<{ filePath: string; fileName: string }> {
     |          ^
  64 |      const accessToken = await this.getValidAccessToken();
  65 |      try {
  
 Γ¥» failureErrorWithLog node_modules/esbuild/lib/main.js:1467:15
 Γ¥» node_modules/esbuild/lib/main.js:736:50
 Γ¥» responseCallbacks.<computed> node_modules/esbuild/lib/main.js:603:9
 Γ¥» handleIncomingPacket node_modules/esbuild/lib/main.js:658:12
 Γ¥» Socket.readFromStdout node_modules/esbuild/lib/main.js:581:7

ΓÄ»ΓÄ»ΓÄ»ΓÄ»ΓÄ»ΓÄ»ΓÄ»ΓÄ»ΓÄ»ΓÄ»ΓÄ»ΓÄ»ΓÄ»ΓÄ»ΓÄ»ΓÄ»ΓÄ»ΓÄ»ΓÄ»ΓÄ»ΓÄ»ΓÄ»ΓÄ»ΓÄ»[1/1]ΓÄ»


[2m Test Files [22m [1m[31m3 failed[39m[22m[90m (3)[39m
[2m      Tests [22m [1m[31m11 failed[39m[22m[2m | [22m[1m[32m4 passed[39m[22m[90m (15)[39m
[2m   Start at [22m 00:00:44
[2m   Duration [22m 0ms

[1m[41m FAIL [49m[22m [31mTests failed. Watching for file changes...[39m
       [2mpress [22m[1mh[22m[2m to show help[22m[2m, [22m[2mpress [22m[1mq[22m[2m to quit[22m
[31mCancelling test run. Press CTRL+c again to exit forcefully.
[39m
c[3J[1m[44m RERUN [49m[22m [34m[2mrerun all tests [22m[39m

